COMMON.DF
MOTION2.DF
STGLOG.DF
ICON.DF
MOTION1.DF
OTHERS1.DF
STG13A2.DF
STG13A4D.DF
STG13B2.DF
STG13B3.DF
STG13B4D.DF
STG13C4D.DF
STG17A4D.DF
STG24A4D.DF
STG25A4D.DF
STG26B.DF
STG26B2.DF
STG3T4D.DF
STG4A2ND.DF
STG4B4D.DF
STG5B4D.DF
STG7A4D.DF
STG8TEST.DF
STGBOSS_TEST.DF
STGDEJA.DF
STGEND.DF
STGMEMORY.DF
STGOP2.DF
STGST00A.DF
STGST01B.DF
STGST02A.DF
STGST03T.DF
STGST04A.DF
STGST04B1.DF
STGST04B2.DF
STGST04L1.DF
STGST04L2.DF
STGST04L3.DF
STGST05C.DF
STGST05D.DF
STGST05E.DF
STGST06A.DF
STGST07A.DF
STGST08D.DF
STGST09A.DF
STGST10L.DF
STGST10R.DF
STGST13A.DF
STGST13B.DF
STGST13C.DF
STGST13D.DF
STGST17A.DF
STGST17B.DF
STGST18A.DF
STGST19A.DF
STGST19B.DF
STGST20A.DF
STGST22A.DF
STGST24A.DF
STGST24B.DF
STGST25A.DF
STGST26A.DF
STGST27A.DF
STGST47A.DF
STGSTAFF1.DF
STGSTAFF2.DF
STGSTAFF3.DF
STGTTL.DF
boy_blk.ico
00.int
01.int
02_1c.int
03.int
05.int
09.int
10.int
11.int
12.int
16.int
17.int
17a.int
18.int
18a.int
19.int
20.int
24_3.int
26.int
27.int
29.int
29a.int
30.int
32_1.int
33.int
37.int
39_1.int
39_2.int
39_3.int
39_4.int
39_5.int
39_6.int
40.int
41.int
42.int
43.int
50.int
51.int
52.int
53.int
54.int
55.int
56.int
57.int
58_1.int
58_2.int
59_1.int
59_2.int
60.int
61.int
62.int
63.int
64.int
65.int
66.int
67.int
68.int
69_1A.int
69_1B.int
69_2A.int
69_2B.int
70.int
71.int
72.int
73.int
74.int
75.int
76.int
77_1.int
77_2.int
78.int
79.int
80.int
81.int
82.int
83.int
84.int
85.int
battle.int
d12.smb
d12y.smb
d9b.smb
icon.sys
02_1a.int
02_1b.int
02_1d.int
02_2.int
04.int
06.int
07.int
08.int
e3d6.smb
d9.smb
24_1.int
d9a.smb
24_2.int
38.int
d13.smb
32_2.int
d12x.smb
data.jim
13.int
d6.smb
advertise.pss
